<?xml version="1.0" encoding="utf-8"?><testsuites><testsuite name="pytest" errors="0" failures="1" skipped="0" tests="7" time="213.426" timestamp="2024-02-06T16:15:05.230644" hostname="NEW-UDHK2J5RVEL"><testcase classname="test_killer_de.TestClass" name="test_verify_page_title" time="12.845" /><testcase classname="test_killer_de.TestClass" name="test_user_navigates_to_login_screen" time="26.780" /><testcase classname="test_killer_de.TestClass" name="test_login" time="21.019" /><testcase classname="test_killer_de.TestClass" name="test_unsuccessful_login" time="18.071" /><testcase classname="test_killer_de.TestClass" name="test_nav_to_create_account" time="16.087" /><testcase classname="test_killer_de.TestClass" name="test_add_product_to_cart" time="42.356" /><testcase classname="test_killer_de.TestClass" name="test_remove_product_from_cart" time="51.176"><failure message="selenium.common.exceptions.NoSuchElementException: Message: no such element: Unable to locate element: {&quot;method&quot;:&quot;xpath&quot;,&quot;selector&quot;:&quot;//a[@class='button quantity-update__button quantity-update__button--remove cart-list-item__actions-item active']&quot;}&#10;  (Session info: chrome=120.0.6099.225); For documentation on this error, please visit: https://www.selenium.dev/documentation/webdriver/troubleshooting/errors#no-such-element-exception&#10;Stacktrace:&#10;&#09;GetHandleVerifier [0x013C6EE3+174339]&#10;&#09;(No symbol) [0x012F0A51]&#10;&#09;(No symbol) [0x01006FF6]&#10;&#09;(No symbol) [0x01039876]&#10;&#09;(No symbol) [0x01039C2C]&#10;&#09;(No symbol) [0x0106BD42]&#10;&#09;(No symbol) [0x01057054]&#10;&#09;(No symbol) [0x0106A104]&#10;&#09;(No symbol) [0x01056DA6]&#10;&#09;(No symbol) [0x01031034]&#10;&#09;(No symbol) [0x01031F8D]&#10;&#09;GetHandleVerifier [0x01464B1C+820540]&#10;&#09;sqlite3_dbdata_init [0x015253EE+653550]&#10;&#09;sqlite3_dbdata_init [0x01524E09+652041]&#10;&#09;sqlite3_dbdata_init [0x015197CC+605388]&#10;&#09;sqlite3_dbdata_init [0x01525D9B+656027]&#10;&#09;(No symbol) [0x012FFE6C]&#10;&#09;(No symbol) [0x012F83B8]&#10;&#09;(No symbol) [0x012F84DD]&#10;&#09;(No symbol) [0x012E5818]&#10;&#09;BaseThreadInitThunk [0x766F7BA9+25]&#10;&#09;RtlInitializeExceptionChain [0x7796BD2B+107]&#10;&#09;RtlClearBits [0x7796BCAF+191]">self = &lt;test_killer_de.TestClass object at 0x000001AD10396940&gt;, setup_teardown = &lt;selenium.webdriver.chrome.webdriver.WebDriver (session="27baa24ab3d4649a831f77cf7783abb5")&gt;

    def test_remove_product_from_cart(self, setup_teardown):
        driver = setup_teardown
        killer_methods = BrowserActions(driver)
        killer_methods.log_in("kev_lee2002@hotmail.com", "22Paignton")
        driver.find_element(By.XPATH, sv_killer_de.submit_login_button).click()
        killer_methods.wait_until(sv_killer_de.account_information)
        killer_methods.clear_cart()
        driver.find_element(By.XPATH, sv_killer_de.search_bar).send_keys("xion")
        driver.find_element(By.XPATH, sv_killer_de.search_bar_go_button).click()
        killer_methods.wait_until(sv_killer_de.xion_machine)
        driver.find_element(By.XPATH, sv_killer_de.xion_machine).click()
        driver.find_element(By.XPATH, sv_killer_de.add_to_cart).click()
        if driver.find_elements(By.XPATH, sv_killer_de.close_icon):
            time.sleep(5)
            driver.find_element(By.XPATH, sv_killer_de.close_icon).click()
            print("Clicked the close button.")
        else:
            print("Close button not found. Doing nothing.")
        time.sleep(5)
        killer_methods.wait_until(sv_killer_de.basket_button)
        driver.find_element(By.XPATH, sv_killer_de.basket_button).click()
        killer_methods.wait_until(sv_killer_de.basket_item)
        time.sleep(2)
&gt;       driver.find_element(By.XPATH, sv_killer_de.remove_item).click()

test_killer_de.py:104: 
_ _ _ _ _ _ _ _ _ _ _ _ _ _ _ _ _ _ _ _ _ _ _ _ _ _ _ _ _ _ _ _ _ _ _ _ _ _ _ _ _ _ _ _ _ _ _ _ _ _ _ _ _ _ _ _ _ _ _ _ _ _ _ _ _ _ _ _ _ _ _ _ _ _ _ _ _ _ _ _ _ _ _ _ _ _ _ _ _ _ _ _ _ _ _ _ _ _ _ _ _ _ _ _ _ _ _ _ _ _ _ _ _ _ _ _
venv\lib\site-packages\selenium\webdriver\remote\webdriver.py:741: in find_element
    return self.execute(Command.FIND_ELEMENT, {"using": by, "value": value})["value"]
venv\lib\site-packages\selenium\webdriver\remote\webdriver.py:347: in execute
    self.error_handler.check_response(response)
_ _ _ _ _ _ _ _ _ _ _ _ _ _ _ _ _ _ _ _ _ _ _ _ _ _ _ _ _ _ _ _ _ _ _ _ _ _ _ _ _ _ _ _ _ _ _ _ _ _ _ _ _ _ _ _ _ _ _ _ _ _ _ _ _ _ _ _ _ _ _ _ _ _ _ _ _ _ _ _ _ _ _ _ _ _ _ _ _ _ _ _ _ _ _ _ _ _ _ _ _ _ _ _ _ _ _ _ _ _ _ _ _ _ _ _

self = &lt;selenium.webdriver.remote.errorhandler.ErrorHandler object at 0x000001AD103F09A0&gt;
response = {'status': 404, 'value': '{"value":{"error":"no such element","message":"no such element: Unable to locate element: {\...dInitThunk [0x766F7BA9+25]\\n\\tRtlInitializeExceptionChain [0x7796BD2B+107]\\n\\tRtlClearBits [0x7796BCAF+191]\\n"}}'}

    def check_response(self, response: Dict[str, Any]) -&gt; None:
        """Checks that a JSON response from the WebDriver does not have an
        error.
    
        :Args:
         - response - The JSON response from the WebDriver server as a dictionary
           object.
    
        :Raises: If the response contains an error message.
        """
        status = response.get("status", None)
        if not status or status == ErrorCode.SUCCESS:
            return
        value = None
        message = response.get("message", "")
        screen: str = response.get("screen", "")
        stacktrace = None
        if isinstance(status, int):
            value_json = response.get("value", None)
            if value_json and isinstance(value_json, str):
                import json
    
                try:
                    value = json.loads(value_json)
                    if len(value) == 1:
                        value = value["value"]
                    status = value.get("error", None)
                    if not status:
                        status = value.get("status", ErrorCode.UNKNOWN_ERROR)
                        message = value.get("value") or value.get("message")
                        if not isinstance(message, str):
                            value = message
                            message = message.get("message")
                    else:
                        message = value.get("message", None)
                except ValueError:
                    pass
    
        exception_class: Type[WebDriverException]
        e = ErrorCode()
        error_codes = [item for item in dir(e) if not item.startswith("__")]
        for error_code in error_codes:
            error_info = getattr(ErrorCode, error_code)
            if isinstance(error_info, list) and status in error_info:
                exception_class = getattr(ExceptionMapping, error_code, WebDriverException)
                break
        else:
            exception_class = WebDriverException
    
        if not value:
            value = response["value"]
        if isinstance(value, str):
            raise exception_class(value)
        if message == "" and "message" in value:
            message = value["message"]
    
        screen = None  # type: ignore[assignment]
        if "screen" in value:
            screen = value["screen"]
    
        stacktrace = None
        st_value = value.get("stackTrace") or value.get("stacktrace")
        if st_value:
            if isinstance(st_value, str):
                stacktrace = st_value.split("\n")
            else:
                stacktrace = []
                try:
                    for frame in st_value:
                        line = frame.get("lineNumber", "")
                        file = frame.get("fileName", "&lt;anonymous&gt;")
                        if line:
                            file = f"{file}:{line}"
                        meth = frame.get("methodName", "&lt;anonymous&gt;")
                        if "className" in frame:
                            meth = f"{frame['className']}.{meth}"
                        msg = "    at %s (%s)"
                        msg = msg % (meth, file)
                        stacktrace.append(msg)
                except TypeError:
                    pass
        if exception_class == UnexpectedAlertPresentException:
            alert_text = None
            if "data" in value:
                alert_text = value["data"].get("text")
            elif "alert" in value:
                alert_text = value["alert"].get("text")
            raise exception_class(message, screen, stacktrace, alert_text)  # type: ignore[call-arg]  # mypy is not smart enough here
&gt;       raise exception_class(message, screen, stacktrace)
E       selenium.common.exceptions.NoSuchElementException: Message: no such element: Unable to locate element: {"method":"xpath","selector":"//a[@class='button quantity-update__button quantity-update__button--remove cart-list-item__actions-item active']"}
E         (Session info: chrome=120.0.6099.225); For documentation on this error, please visit: https://www.selenium.dev/documentation/webdriver/troubleshooting/errors#no-such-element-exception
E       Stacktrace:
E       	GetHandleVerifier [0x013C6EE3+174339]
E       	(No symbol) [0x012F0A51]
E       	(No symbol) [0x01006FF6]
E       	(No symbol) [0x01039876]
E       	(No symbol) [0x01039C2C]
E       	(No symbol) [0x0106BD42]
E       	(No symbol) [0x01057054]
E       	(No symbol) [0x0106A104]
E       	(No symbol) [0x01056DA6]
E       	(No symbol) [0x01031034]
E       	(No symbol) [0x01031F8D]
E       	GetHandleVerifier [0x01464B1C+820540]
E       	sqlite3_dbdata_init [0x015253EE+653550]
E       	sqlite3_dbdata_init [0x01524E09+652041]
E       	sqlite3_dbdata_init [0x015197CC+605388]
E       	sqlite3_dbdata_init [0x01525D9B+656027]
E       	(No symbol) [0x012FFE6C]
E       	(No symbol) [0x012F83B8]
E       	(No symbol) [0x012F84DD]
E       	(No symbol) [0x012E5818]
E       	BaseThreadInitThunk [0x766F7BA9+25]
E       	RtlInitializeExceptionChain [0x7796BD2B+107]
E       	RtlClearBits [0x7796BCAF+191]

venv\lib\site-packages\selenium\webdriver\remote\errorhandler.py:229: NoSuchElementException</failure></testcase></testsuite></testsuites>